[pipeline] [   0.2s]  info ==================================================================
[pipeline] [   0.2s]  info trip recap builder
[pipeline] [   0.2s]  info ==================================================================
[pipeline] [   0.2s]  info 
[pipeline] [   0.2s]  info [1/7] reading your library
[pipeline] [   0.3s]  info found 6972 photos, 5221 videos, 0 audio files
[pipeline] [ 100.4s]  info read EXIF for 12193 files
[pipeline] [ 100.4s]  info 5223 of 12193 files record no UTC offset; their times are read as UTC
[pipeline] [ 100.4s]  info probing 12193 files with 8 workers
[pipeline] [ 517.7s]  info borrowed the UTC offset from nearby files for 5199 file(s) that record none
[pipeline] [ 517.7s] warn    skipped IMG_0089.mov: not a readable MOV file (1048576 bytes) - truncated or the wrong extension
[pipeline] [ 517.7s] warn    skipped IMG_1450 (1).mov: too small or too short
[pipeline] [ 517.7s] warn    skipped IMG_1484.MOV: too small or too short
[pipeline] [ 517.7s] warn    skipped IMG_1794.MOV: too small or too short
[pipeline] [ 517.7s] warn    skipped IMG_2060 (1).mov: too small or too short
[pipeline] [ 517.7s] warn    skipped IMG_2098 (1).mov: too small or too short
[pipeline] [ 517.7s] warn    skipped IMG_2188.mov: too small or too short
[pipeline] [ 517.7s] warn    skipped IMG_2296.mov: too small or too short
[pipeline] [ 517.7s] warn    ... and 14 more skipped file(s); the full list is in the report
[pipeline] [ 517.7s] warn  1 file(s) look damaged - re-copy them from the original device to recover them
[pipeline] [ 517.7s]  info       6972 photos, 5199 videos, 0 audio, 22 skipped
[pipeline] [ 517.7s]  info 
[pipeline] [ 517.7s]  info [2/7] scoring every shot
[pipeline] [ 517.7s]  info scoring 6972 photos with 8 workers
[pipeline] [ 520.2s]  info   photos 50/6972
[pipeline] [ 522.5s]  info   photos 100/6972
[pipeline] [ 525.1s]  info   photos 150/6972
[pipeline] [ 527.9s]  info   photos 200/6972
[pipeline] [ 530.9s]  info   photos 250/6972
[pipeline] [ 533.1s]  info   photos 300/6972
[pipeline] [ 534.1s]  info   photos 350/6972
[pipeline] [ 536.0s]  info   photos 400/6972
[pipeline] [ 538.7s]  info   photos 450/6972
[pipeline] [ 541.3s]  info   photos 500/6972
[pipeline] [ 542.4s]  info   photos 550/6972
[pipeline] [ 544.5s]  info   photos 600/6972
[pipeline] [ 545.5s]  info   photos 650/6972
[pipeline] [ 547.3s]  info   photos 700/6972
[pipeline] [ 548.9s]  info   photos 750/6972
[pipeline] [ 550.2s]  info   photos 800/6972
[pipeline] [ 553.1s]  info   photos 850/6972
[pipeline] [ 555.9s]  info   photos 900/6972
[pipeline] [ 558.5s]  info   photos 950/6972
[pipeline] [ 561.1s]  info   photos 1000/6972
[pipeline] [ 563.8s]  info   photos 1050/6972
[pipeline] [ 566.5s]  info   photos 1100/6972
[pipeline] [ 569.3s]  info   photos 1150/6972
[pipeline] [ 571.9s]  info   photos 1200/6972
[pipeline] [ 574.8s]  info   photos 1250/6972
[pipeline] [ 577.3s]  info   photos 1300/6972
[pipeline] [ 580.0s]  info   photos 1350/6972
[pipeline] [ 582.4s]  info   photos 1400/6972
[pipeline] [ 585.5s]  info   photos 1450/6972
[pipeline] [ 588.8s]  info   photos 1500/6972
[pipeline] [ 591.2s]  info   photos 1550/6972
[pipeline] [ 594.2s]  info   photos 1600/6972
[pipeline] [ 597.7s]  info   photos 1650/6972
[pipeline] [ 600.5s]  info   photos 1700/6972
[pipeline] [ 602.4s]  info   photos 1750/6972
[pipeline] [ 603.8s]  info   photos 1800/6972
[pipeline] [ 605.0s]  info   photos 1850/6972
[pipeline] [ 606.3s]  info   photos 1900/6972
[pipeline] [ 607.5s]  info   photos 1950/6972
[pipeline] [ 609.5s]  info   photos 2000/6972
[pipeline] [ 612.5s]  info   photos 2050/6972
[pipeline] [ 615.6s]  info   photos 2100/6972
[pipeline] [ 618.5s]  info   photos 2150/6972
[pipeline] [ 621.6s]  info   photos 2200/6972
[pipeline] [ 625.1s]  info   photos 2250/6972
[pipeline] [ 628.1s]  info   photos 2300/6972
[pipeline] [ 630.9s]  info   photos 2350/6972
[pipeline] [ 634.1s]  info   photos 2400/6972
[pipeline] [ 637.6s]  info   photos 2450/6972
[pipeline] [ 640.5s]  info   photos 2500/6972
[pipeline] [ 643.5s]  info   photos 2550/6972
[pipeline] [ 646.4s]  info   photos 2600/6972
[pipeline] [ 647.8s]  info   photos 2650/6972
[pipeline] [ 651.4s]  info   photos 2700/6972
[pipeline] [ 655.1s]  info   photos 2750/6972
[pipeline] [ 658.2s]  info   photos 2800/6972
[pipeline] [ 661.1s]  info   photos 2850/6972
[pipeline] [ 664.7s]  info   photos 2900/6972
[pipeline] [ 670.6s]  info   photos 2950/6972
[pipeline] [ 674.5s]  info   photos 3000/6972
[pipeline] [ 677.6s]  info   photos 3050/6972
[pipeline] [ 680.5s]  info   photos 3100/6972
[pipeline] [ 683.5s]  info   photos 3150/6972
[pipeline] [ 686.3s]  info   photos 3200/6972
[pipeline] [ 690.0s]  info   photos 3250/6972
[pipeline] [ 692.9s]  info   photos 3300/6972
[pipeline] [ 696.0s]  info   photos 3350/6972
[pipeline] [ 698.9s]  info   photos 3400/6972
[pipeline] [ 701.5s]  info   photos 3450/6972
[pipeline] [ 704.7s]  info   photos 3500/6972
[pipeline] [ 707.7s]  info   photos 3550/6972
[pipeline] [ 710.9s]  info   photos 3600/6972
[pipeline] [ 713.9s]  info   photos 3650/6972
[pipeline] [ 717.0s]  info   photos 3700/6972
[pipeline] [ 720.3s]  info   photos 3750/6972
[pipeline] [ 724.0s]  info   photos 3800/6972
[pipeline] [ 727.3s]  info   photos 3850/6972
[pipeline] [ 730.4s]  info   photos 3900/6972
[pipeline] [ 733.4s]  info   photos 3950/6972
[pipeline] [ 736.1s]  info   photos 4000/6972
[pipeline] [ 738.5s]  info   photos 4050/6972
[pipeline] [ 741.6s]  info   photos 4100/6972
[pipeline] [ 744.9s]  info   photos 4150/6972
[pipeline] [ 747.7s]  info   photos 4200/6972
[pipeline] [ 750.9s]  info   photos 4250/6972
[pipeline] [ 754.0s]  info   photos 4300/6972
[pipeline] [ 757.3s]  info   photos 4350/6972
[pipeline] [ 760.4s]  info   photos 4400/6972
[pipeline] [ 763.5s]  info   photos 4450/6972
[pipeline] [ 766.2s]  info   photos 4500/6972
[pipeline] [ 769.5s]  info   photos 4550/6972
[pipeline] [ 772.6s]  info   photos 4600/6972
[pipeline] [ 775.3s]  info   photos 4650/6972
[pipeline] [ 777.0s]  info   photos 4700/6972
[pipeline] [ 778.1s]  info   photos 4750/6972
[pipeline] [ 781.5s]  info   photos 4800/6972
[pipeline] [ 784.6s]  info   photos 4850/6972
[pipeline] [ 786.1s]  info   photos 4900/6972
[pipeline] [ 787.8s]  info   photos 4950/6972
[pipeline] [ 790.4s]  info   photos 5000/6972
[pipeline] [ 793.2s]  info   photos 5050/6972
[pipeline] [ 796.6s]  info   photos 5100/6972
[pipeline] [ 799.9s]  info   photos 5150/6972
[pipeline] [ 803.0s]  info   photos 5200/6972
[pipeline] [ 806.1s]  info   photos 5250/6972
[pipeline] [ 809.4s]  info   photos 5300/6972
[pipeline] [ 813.2s]  info   photos 5350/6972
[pipeline] [ 816.3s]  info   photos 5400/6972
[pipeline] [ 819.2s]  info   photos 5450/6972
[pipeline] [ 822.9s]  info   photos 5500/6972
[pipeline] [ 826.5s]  info   photos 5550/6972
[pipeline] [ 829.5s]  info   photos 5600/6972
[pipeline] [ 832.7s]  info   photos 5650/6972
[pipeline] [ 835.8s]  info   photos 5700/6972
[pipeline] [ 839.2s]  info   photos 5750/6972
[pipeline] [ 843.8s]  info   photos 5800/6972
[pipeline] [ 847.0s]  info   photos 5850/6972
[pipeline] [ 850.6s]  info   photos 5900/6972
[pipeline] [ 854.5s]  info   photos 5950/6972
[pipeline] [ 858.1s]  info   photos 6000/6972
[pipeline] [ 862.1s]  info   photos 6050/6972
[pipeline] [ 865.8s]  info   photos 6100/6972
[pipeline] [ 869.2s]  info   photos 6150/6972
[pipeline] [ 872.7s]  info   photos 6200/6972
[pipeline] [ 876.3s]  info   photos 6250/6972
[pipeline] [ 880.3s]  info   photos 6300/6972
[pipeline] [ 884.2s]  info   photos 6350/6972
[pipeline] [ 887.8s]  info   photos 6400/6972
[pipeline] [ 891.2s]  info   photos 6450/6972
[pipeline] [ 895.0s]  info   photos 6500/6972
[pipeline] [ 899.4s]  info   photos 6550/6972
