[pipeline] [   0.2s]  info ==================================================================
[pipeline] [   0.2s]  info trip recap builder
[pipeline] [   0.2s]  info ==================================================================
[pipeline] [   0.2s]  info 
[pipeline] [   0.2s]  info [1/7] reading your library
[pipeline] [   0.5s]  info found 6972 photos, 5221 videos, 0 audio files
[pipeline] [ 101.0s]  info read EXIF for 12193 files
[pipeline] [ 101.0s]  info 5223 of 12193 files record no UTC offset; their times are read as UTC
[pipeline] [ 101.0s]  info probing 12193 files with 8 workers
[pipeline] [ 432.5s]  info borrowed the UTC offset from nearby files for 5199 file(s) that record none
[pipeline] [ 432.5s] warn    skipped IMG_0089.mov: not a readable MOV file (1048576 bytes) - truncated or the wrong extension
[pipeline] [ 432.5s] warn    skipped IMG_1450 (1).mov: too small or too short
[pipeline] [ 432.5s] warn    skipped IMG_1484.MOV: too small or too short
[pipeline] [ 432.5s] warn    skipped IMG_1794.MOV: too small or too short
[pipeline] [ 432.5s] warn    skipped IMG_2060 (1).mov: too small or too short
[pipeline] [ 432.5s] warn    skipped IMG_2098 (1).mov: too small or too short
[pipeline] [ 432.5s] warn    skipped IMG_2188.mov: too small or too short
[pipeline] [ 432.5s] warn    skipped IMG_2296.mov: too small or too short
[pipeline] [ 432.5s] warn    ... and 14 more skipped file(s); the full list is in the report
[pipeline] [ 432.5s] warn  1 file(s) look damaged - re-copy them from the original device to recover them
[pipeline] [ 432.5s]  info       6972 photos, 5199 videos, 0 audio, 22 skipped
[pipeline] [ 432.5s]  info 
[pipeline] [ 432.5s]  info [2/7] scoring every shot
[pipeline] [ 432.5s]  info scoring 6972 photos with 8 workers
[pipeline] [ 434.6s]  info   photos 50/6972
[pipeline] [ 436.6s]  info   photos 100/6972
[pipeline] [ 439.0s]  info   photos 150/6972
[pipeline] [ 441.4s]  info   photos 200/6972
[pipeline] [ 444.2s]  info   photos 250/6972
[pipeline] [ 446.1s]  info   photos 300/6972
[pipeline] [ 447.1s]  info   photos 350/6972
[pipeline] [ 448.7s]  info   photos 400/6972
[pipeline] [ 451.2s]  info   photos 450/6972
[pipeline] [ 453.5s]  info   photos 500/6972
[pipeline] [ 454.5s]  info   photos 550/6972
[pipeline] [ 456.3s]  info   photos 600/6972
[pipeline] [ 457.3s]  info   photos 650/6972
[pipeline] [ 458.8s]  info   photos 700/6972
[pipeline] [ 460.2s]  info   photos 750/6972
[pipeline] [ 461.4s]  info   photos 800/6972
[pipeline] [ 463.9s]  info   photos 850/6972
[pipeline] [ 466.4s]  info   photos 900/6972
[pipeline] [ 468.7s]  info   photos 950/6972
[pipeline] [ 470.9s]  info   photos 1000/6972
[pipeline] [ 473.4s]  info   photos 1050/6972
[pipeline] [ 475.9s]  info   photos 1100/6972
[pipeline] [ 478.4s]  info   photos 1150/6972
[pipeline] [ 480.7s]  info   photos 1200/6972
[pipeline] [ 483.4s]  info   photos 1250/6972
[pipeline] [ 485.6s]  info   photos 1300/6972
[pipeline] [ 488.1s]  info   photos 1350/6972
[pipeline] [ 490.2s]  info   photos 1400/6972
[pipeline] [ 492.7s]  info   photos 1450/6972
[pipeline] [ 495.4s]  info   photos 1500/6972
[pipeline] [ 497.6s]  info   photos 1550/6972
[pipeline] [ 500.0s]  info   photos 1600/6972
[pipeline] [ 502.6s]  info   photos 1650/6972
[pipeline] [ 504.9s]  info   photos 1700/6972
[pipeline] [ 506.5s]  info   photos 1750/6972
[pipeline] [ 507.7s]  info   photos 1800/6972
[pipeline] [ 508.8s]  info   photos 1850/6972
[pipeline] [ 509.8s]  info   photos 1900/6972
[pipeline] [ 511.0s]  info   photos 1950/6972
[pipeline] [ 512.6s]  info   photos 2000/6972
[pipeline] [ 515.3s]  info   photos 2050/6972
[pipeline] [ 517.8s]  info   photos 2100/6972
[pipeline] [ 520.3s]  info   photos 2150/6972
[pipeline] [ 522.8s]  info   photos 2200/6972
[pipeline] [ 525.5s]  info   photos 2250/6972
[pipeline] [ 527.8s]  info   photos 2300/6972
[pipeline] [ 530.1s]  info   photos 2350/6972
[pipeline] [ 532.6s]  info   photos 2400/6972
[pipeline] [ 535.0s]  info   photos 2450/6972
[pipeline] [ 537.5s]  info   photos 2500/6972
[pipeline] [ 540.0s]  info   photos 2550/6972
[pipeline] [ 542.3s]  info   photos 2600/6972
[pipeline] [ 543.4s]  info   photos 2650/6972
[pipeline] [ 546.0s]  info   photos 2700/6972
[pipeline] [ 548.7s]  info   photos 2750/6972
[pipeline] [ 551.3s]  info   photos 2800/6972
[pipeline] [ 553.7s]  info   photos 2850/6972
[pipeline] [ 556.2s]  info   photos 2900/6972
[pipeline] [ 559.3s]  info   photos 2950/6972
[pipeline] [ 562.0s]  info   photos 3000/6972
[pipeline] [ 564.6s]  info   photos 3050/6972
[pipeline] [ 566.9s]  info   photos 3100/6972
[pipeline] [ 569.4s]  info   photos 3150/6972
[pipeline] [ 571.8s]  info   photos 3200/6972
[pipeline] [ 574.5s]  info   photos 3250/6972
[pipeline] [ 577.0s]  info   photos 3300/6972
[pipeline] [ 579.7s]  info   photos 3350/6972
[pipeline] [ 582.2s]  info   photos 3400/6972
[pipeline] [ 584.6s]  info   photos 3450/6972
[pipeline] [ 587.4s]  info   photos 3500/6972
[pipeline] [ 590.0s]  info   photos 3550/6972
[pipeline] [ 592.8s]  info   photos 3600/6972
[pipeline] [ 595.5s]  info   photos 3650/6972
[pipeline] [ 598.3s]  info   photos 3700/6972
[pipeline] [ 601.0s]  info   photos 3750/6972
[pipeline] [ 604.0s]  info   photos 3800/6972
[pipeline] [ 606.6s]  info   photos 3850/6972
[pipeline] [ 609.2s]  info   photos 3900/6972
[pipeline] [ 611.7s]  info   photos 3950/6972
[pipeline] [ 614.0s]  info   photos 4000/6972
[pipeline] [ 615.8s]  info   photos 4050/6972
[pipeline] [ 618.2s]  info   photos 4100/6972
[pipeline] [ 620.9s]  info   photos 4150/6972
[pipeline] [ 623.4s]  info   photos 4200/6972
[pipeline] [ 626.2s]  info   photos 4250/6972
[pipeline] [ 628.9s]  info   photos 4300/6972
[pipeline] [ 631.7s]  info   photos 4350/6972
[pipeline] [ 634.6s]  info   photos 4400/6972
[pipeline] [ 637.4s]  info   photos 4450/6972
[pipeline] [ 639.9s]  info   photos 4500/6972
[pipeline] [ 643.1s]  info   photos 4550/6972
[pipeline] [ 645.8s]  info   photos 4600/6972
[pipeline] [ 648.3s]  info   photos 4650/6972
[pipeline] [ 649.8s]  info   photos 4700/6972
[pipeline] [ 650.8s]  info   photos 4750/6972
[pipeline] [ 653.7s]  info   photos 4800/6972
[pipeline] [ 656.6s]  info   photos 4850/6972
[pipeline] [ 658.1s]  info   photos 4900/6972
[pipeline] [ 659.6s]  info   photos 4950/6972
[pipeline] [ 662.0s]  info   photos 5000/6972
[pipeline] [ 664.2s]  info   photos 5050/6972
[pipeline] [ 666.9s]  info   photos 5100/6972
[pipeline] [ 669.5s]  info   photos 5150/6972
[pipeline] [ 671.7s]  info   photos 5200/6972
[pipeline] [ 674.1s]  info   photos 5250/6972
[pipeline] [ 676.5s]  info   photos 5300/6972
[pipeline] [ 678.9s]  info   photos 5350/6972
[pipeline] [ 681.5s]  info   photos 5400/6972
[pipeline] [ 683.9s]  info   photos 5450/6972
[pipeline] [ 686.5s]  info   photos 5500/6972
[pipeline] [ 689.1s]  info   photos 5550/6972
[pipeline] [ 691.7s]  info   photos 5600/6972
[pipeline] [ 694.4s]  info   photos 5650/6972
[pipeline] [ 697.0s]  info   photos 5700/6972
[pipeline] [ 699.7s]  info   photos 5750/6972
[pipeline] [ 702.6s]  info   photos 5800/6972
[pipeline] [ 705.0s]  info   photos 5850/6972
[pipeline] [ 707.7s]  info   photos 5900/6972
[pipeline] [ 710.2s]  info   photos 5950/6972
[pipeline] [ 712.6s]  info   photos 6000/6972
[pipeline] [ 715.1s]  info   photos 6050/6972
[pipeline] [ 717.5s]  info   photos 6100/6972
[pipeline] [ 720.1s]  info   photos 6150/6972
[pipeline] [ 722.4s]  info   photos 6200/6972
[pipeline] [ 725.0s]  info   photos 6250/6972
[pipeline] [ 727.9s]  info   photos 6300/6972
[pipeline] [ 730.8s]  info   photos 6350/6972
[pipeline] [ 733.3s]  info   photos 6400/6972
[pipeline] [ 735.8s]  info   photos 6450/6972
[pipeline] [ 738.4s]  info   photos 6500/6972
[pipeline] [ 741.1s]  info   photos 6550/6972
[pipeline] [ 743.8s]  info   photos 6600/6972
[pipeline] [ 746.4s]  info   photos 6650/6972
[pipeline] [ 749.0s]  info   photos 6700/6972
[pipeline] [ 751.6s]  info   photos 6750/6972
[pipeline] [ 754.5s]  info   photos 6800/6972
[pipeline] [ 756.9s]  info   photos 6850/6972
[pipeline] [ 759.6s]  info   photos 6900/6972
[pipeline] [ 762.1s]  info   photos 6950/6972
[pipeline] [ 763.1s]  info   photos 6972/6972
[pipeline] [ 763.1s]  info analysing 5199 videos with 8 workers
[pipeline] [ 770.7s]  info   videos 25/5199  (3/s, ~26:27 left)
[pipeline] [ 775.5s]  info   videos 50/5199  (4/s, ~21:18 left)
[pipeline] [ 779.9s]  info   videos 75/5199  (4/s, ~19:11 left)
[pipeline] [ 790.3s]  info   videos 100/5199  (4/s, ~23:07 left)
[pipeline] [ 809.3s]  info   videos 125/5199  (3/s, ~31:15 left)
[pipeline] [ 819.2s]  info   videos 150/5199  (3/s, ~31:31 left)
[pipeline] [ 843.3s]  info   videos 175/5199  (2/s, ~38:22 left)
[pipeline] [ 858.3s]  info   videos 200/5199  (2/s, ~39:40 left)
[pipeline] [ 864.8s]  info   videos 225/5199  (2/s, ~37:28 left)
[pipeline] [ 871.4s]  info   videos 250/5199  (2/s, ~35:44 left)
[pipeline] [ 876.0s]  info   videos 275/5199  (2/s, ~33:41 left)
[pipeline] [ 881.6s]  info   videos 300/5199  (3/s, ~32:15 left)
[pipeline] [ 886.8s]  info   videos 325/5199  (3/s, ~30:55 left)
[pipeline] [ 892.2s]  info   videos 350/5199  (3/s, ~29:49 left)
[pipeline] [ 899.2s]  info   videos 375/5199  (3/s, ~29:11 left)
[pipeline] [ 907.1s]  info   videos 400/5199  (3/s, ~28:48 left)
[pipeline] [ 912.5s]  info   videos 425/5199  (3/s, ~27:59 left)
[pipeline] [ 919.1s]  info   videos 450/5199  (3/s, ~27:26 left)
[pipeline] [ 929.2s]  info   videos 475/5199  (3/s, ~27:32 left)
[pipeline] [ 936.5s]  info   videos 500/5199  (3/s, ~27:10 left)
[pipeline] [ 942.2s]  info   videos 525/5199  (3/s, ~26:35 left)
[pipeline] [ 962.2s]  info   videos 550/5199  (3/s, ~28:03 left)
[pipeline] [ 969.9s]  info   videos 575/5199  (3/s, ~27:44 left)
[pipeline] [ 983.0s]  info   videos 600/5199  (3/s, ~28:05 left)
[pipeline] [ 991.5s]  info   videos 625/5199  (3/s, ~27:52 left)
[pipeline] [1000.1s]  info   videos 650/5199  (3/s, ~27:39 left)
[pipeline] [1009.1s]  info   videos 675/5199  (3/s, ~27:29 left)
[pipeline] [1013.5s]  info   videos 700/5199  (3/s, ~26:50 left)
[pipeline] [1019.1s]  info   videos 725/5199  (3/s, ~26:20 left)
[pipeline] [1023.7s]  info   videos 750/5199  (3/s, ~25:46 left)
[pipeline] [1035.1s]  info   videos 775/5199  (3/s, ~25:53 left)
[pipeline] [1044.3s]  info   videos 800/5199  (3/s, ~25:47 left)
[pipeline] [1052.1s]  info   videos 825/5199  (3/s, ~25:33 left)
[pipeline] [1061.1s]  info   videos 850/5199  (3/s, ~25:25 left)
[pipeline] [1076.6s]  info   videos 875/5199  (3/s, ~25:49 left)
[pipeline] [1085.9s]  info   videos 900/5199  (3/s, ~25:42 left)
[pipeline] [1090.1s]  info   videos 925/5199  (3/s, ~25:11 left)
[pipeline] [1097.1s]  info   videos 950/5199  (3/s, ~24:54 left)
[pipeline] [1107.0s]  info   videos 975/5199  (3/s, ~24:50 left)
[pipeline] [1113.4s]  info   videos 1000/5199  (3/s, ~24:31 left)
[pipeline] [1118.9s]  info   videos 1025/5199  (3/s, ~24:09 left)
[pipeline] [1133.2s]  info   videos 1050/5199  (3/s, ~24:23 left)
[pipeline] [1138.2s]  info   videos 1075/5199  (3/s, ~23:59 left)
[pipeline] [1145.7s]  info   videos 1100/5199  (3/s, ~23:46 left)
[pipeline] [1157.7s]  info   videos 1125/5199  (3/s, ~23:49 left)
[pipeline] [1171.2s]  info   videos 1150/5199  (3/s, ~23:57 left)
[pipeline] [1190.7s]  info   videos 1175/5199  (3/s, ~24:24 left)
[pipeline] [1208.9s]  info   videos 1200/5199  (3/s, ~24:46 left)
[pipeline] [1216.8s]  info   videos 1225/5199  (3/s, ~24:32 left)
[pipeline] [1225.0s]  info   videos 1250/5199  (3/s, ~24:19 left)
[pipeline] [1230.5s]  info   videos 1275/5199  (3/s, ~23:58 left)
[pipeline] [1236.0s]  info   videos 1300/5199  (3/s, ~23:38 left)
[pipeline] [1248.2s]  info   videos 1325/5199  (3/s, ~23:39 left)
[pipeline] [1257.6s]  info   videos 1350/5199  (3/s, ~23:30 left)
[pipeline] [1265.7s]  info   videos 1375/5199  (3/s, ~23:18 left)
[pipeline] [1274.7s]  info   videos 1400/5199  (3/s, ~23:08 left)
[pipeline] [1282.5s]  info   videos 1425/5199  (3/s, ~22:56 left)
[pipeline] [1290.4s]  info   videos 1450/5199  (3/s, ~22:43 left)
[pipeline] [1297.6s]  info   videos 1475/5199  (3/s, ~22:30 left)
[pipeline] [1310.7s]  info   videos 1500/5199  (3/s, ~22:31 left)
[pipeline] [1319.6s]  info   videos 1525/5199  (3/s, ~22:21 left)
[pipeline] [1326.5s]  info   videos 1550/5199  (3/s, ~22:06 left)
[pipeline] [1332.9s]  info   videos 1575/5199  (3/s, ~21:51 left)
[pipeline] [1340.6s]  info   videos 1600/5199  (3/s, ~21:39 left)
[pipeline] [1351.3s]  info   videos 1625/5199  (3/s, ~21:34 left)
[pipeline] [1372.0s]  info   videos 1650/5199  (3/s, ~21:50 left)
[pipeline] [1392.5s]  info   videos 1675/5199  (3/s, ~22:04 left)
[pipeline] [1400.9s]  info   videos 1700/5199  (3/s, ~21:53 left)
[pipeline] [1409.4s]  info   videos 1725/5199  (3/s, ~21:42 left)
[pipeline] [1419.9s]  info   videos 1750/5199  (3/s, ~21:34 left)
[pipeline] [1428.2s]  info   videos 1775/5199  (3/s, ~21:23 left)
[pipeline] [1436.0s]  info   videos 1800/5199  (3/s, ~21:11 left)
[pipeline] [1442.4s]  info   videos 1825/5199  (3/s, ~20:56 left)
[pipeline] [1454.3s]  info   videos 1850/5199  (3/s, ~20:51 left)
[pipeline] [1477.6s]  info   videos 1875/5199  (3/s, ~21:07 left)
[pipeline] [1496.9s]  info   videos 1900/5199  (3/s, ~21:14 left)
[pipeline] [1512.9s]  info   videos 1925/5199  (3/s, ~21:15 left)
[pipeline] [1543.7s]  info   videos 1950/5199  (2/s, ~21:41 left)
[pipeline] [1557.2s]  info   videos 1975/5199  (2/s, ~21:36 left)
[pipeline] [1565.4s]  info   videos 2000/5199  (2/s, ~21:23 left)
[pipeline] [1572.4s]  info   videos 2025/5199  (3/s, ~21:09 left)
[pipeline] [1582.1s]  info   videos 2050/5199  (3/s, ~20:58 left)
[pipeline] [1589.6s]  info   videos 2075/5199  (3/s, ~20:44 left)
[pipeline] [1597.2s]  info   videos 2100/5199  (3/s, ~20:31 left)
[pipeline] [1605.9s]  info   videos 2125/5199  (3/s, ~20:19 left)
[pipeline] [1627.5s]  info   videos 2150/5199  (2/s, ~20:26 left)
[pipeline] [1638.8s]  info   videos 2175/5199  (2/s, ~20:18 left)
[pipeline] [1650.6s]  info   videos 2200/5199  (2/s, ~20:10 left)
[pipeline] [1658.9s]  info   videos 2225/5199  (2/s, ~19:57 left)
[pipeline] [1667.0s]  info   videos 2250/5199  (2/s, ~19:45 left)
[pipeline] [1674.8s]  info   videos 2275/5199  (2/s, ~19:32 left)
[pipeline] [1682.9s]  info   videos 2300/5199  (3/s, ~19:19 left)
[pipeline] [1693.8s]  info   videos 2325/5199  (2/s, ~19:11 left)
[pipeline] [1703.4s]  info   videos 2350/5199  (2/s, ~19:00 left)
[pipeline] [1710.4s]  info   videos 2375/5199  (3/s, ~18:46 left)
[pipeline] [1720.0s]  info   videos 2400/5199  (3/s, ~18:36 left)
[pipeline] [1734.5s]  info   videos 2425/5199  (2/s, ~18:31 left)
[pipeline] [1742.0s]  info   videos 2450/5199  (3/s, ~18:18 left)
[pipeline] [1749.5s]  info   videos 2475/5199  (3/s, ~18:06 left)
[pipeline] [1762.8s]  info   videos 2500/5199  (3/s, ~17:59 left)
[pipeline] [1774.6s]  info   videos 2525/5199  (2/s, ~17:51 left)
[pipeline] [1783.2s]  info   videos 2550/5199  (2/s, ~17:40 left)
[pipeline] [1790.0s]  info   videos 2575/5199  (3/s, ~17:26 left)
[pipeline] [1797.9s]  info   videos 2600/5199  (3/s, ~17:14 left)
[pipeline] [1807.4s]  info   videos 2625/5199  (3/s, ~17:04 left)
[pipeline] [1816.6s]  info   videos 2650/5199  (3/s, ~16:53 left)
[pipeline] [1825.9s]  info   videos 2675/5199  (3/s, ~16:43 left)
[pipeline] [1834.1s]  info   videos 2700/5199  (3/s, ~16:31 left)
[pipeline] [1843.0s]  info   videos 2725/5199  (3/s, ~16:20 left)
[pipeline] [1853.4s]  info   videos 2750/5199  (3/s, ~16:11 left)
[pipeline] [1861.2s]  info   videos 2775/5199  (3/s, ~15:59 left)
[pipeline] [1868.5s]  info   videos 2800/5199  (3/s, ~15:47 left)
[pipeline] [1875.1s]  info   videos 2825/5199  (3/s, ~15:34 left)
[pipeline] [1884.0s]  info   videos 2850/5199  (3/s, ~15:24 left)
[pipeline] [1893.4s]  info   videos 2875/5199  (3/s, ~15:14 left)
[pipeline] [1901.9s]  info   videos 2900/5199  (3/s, ~15:03 left)
[pipeline] [1909.9s]  info   videos 2925/5199  (3/s, ~14:52 left)
[pipeline] [1917.3s]  info   videos 2950/5199  (3/s, ~14:40 left)
[pipeline] [1926.0s]  info   videos 2975/5199  (3/s, ~14:29 left)
[pipeline] [1931.2s]  info   videos 3000/5199  (3/s, ~14:16 left)
[pipeline] [1938.1s]  info   videos 3025/5199  (3/s, ~14:04 left)
[pipeline] [1972.9s]  info   videos 3050/5199  (3/s, ~14:12 left)
[pipeline] [1995.9s]  info   videos 3075/5199  (2/s, ~14:12 left)
[pipeline] [2005.8s]  info   videos 3100/5199  (2/s, ~14:01 left)
[pipeline] [2012.4s]  info   videos 3125/5199  (3/s, ~13:49 left)
[pipeline] [2017.9s]  info   videos 3150/5199  (3/s, ~13:36 left)
[pipeline] [2024.2s]  info   videos 3175/5199  (3/s, ~13:24 left)
[pipeline] [2029.7s]  info   videos 3200/5199  (3/s, ~13:11 left)
[pipeline] [2036.9s]  info   videos 3225/5199  (3/s, ~13:00 left)
[pipeline] [2043.7s]  info   videos 3250/5199  (3/s, ~12:48 left)
[pipeline] [2048.1s]  info   videos 3275/5199  (3/s, ~12:35 left)
[pipeline] [2054.5s]  info   videos 3300/5199  (3/s, ~12:23 left)
[pipeline] [2064.1s]  info   videos 3325/5199  (3/s, ~12:13 left)
[pipeline] [2070.6s]  info   videos 3350/5199  (3/s, ~12:02 left)
[pipeline] [2076.6s]  info   videos 3375/5199  (3/s, ~11:50 left)
[pipeline] [2083.0s]  info   videos 3400/5199  (3/s, ~11:38 left)
[pipeline] [2089.4s]  info   videos 3425/5199  (3/s, ~11:27 left)
[pipeline] [2095.0s]  info   videos 3450/5199  (3/s, ~11:15 left)
[pipeline] [2100.1s]  info   videos 3475/5199  (3/s, ~11:03 left)
[pipeline] [2105.1s]  info   videos 3500/5199  (3/s, ~10:51 left)
[pipeline] [2112.0s]  info   videos 3525/5199  (3/s, ~10:41 left)
[pipeline] [2116.5s]  info   videos 3550/5199  (3/s, ~10:29 left)
[pipeline] [2122.2s]  info   videos 3575/5199  (3/s, ~10:17 left)
[pipeline] [2129.2s]  info   videos 3600/5199  (3/s, ~10:07 left)
[pipeline] [2142.8s]  info   videos 3625/5199  (3/s, ~9:59 left)
[pipeline] [2151.7s]  info   videos 3650/5199  (3/s, ~9:49 left)
[pipeline] [2162.8s]  info   videos 3675/5199  (3/s, ~9:40 left)
[pipeline] [2169.9s]  info   videos 3700/5199  (3/s, ~9:30 left)
[pipeline] [2176.8s]  info   videos 3725/5199  (3/s, ~9:19 left)
[pipeline] [2192.5s]  info   videos 3750/5199  (3/s, ~9:12 left)
[pipeline] [2198.1s]  info   videos 3775/5199  (3/s, ~9:01 left)
[pipeline] [2207.9s]  info   videos 3800/5199  (3/s, ~8:52 left)
[pipeline] [2221.3s]  info   videos 3825/5199  (3/s, ~8:44 left)
[pipeline] [2231.3s]  info   videos 3850/5199  (3/s, ~8:34 left)
[pipeline] [2241.2s]  info   videos 3875/5199  (3/s, ~8:25 left)
[pipeline] [2256.7s]  info   videos 3900/5199  (3/s, ~8:17 left)
[pipeline] [2266.0s]  info   videos 3925/5199  (3/s, ~8:08 left)
[pipeline] [2274.5s]  info   videos 3950/5199  (3/s, ~7:58 left)
[pipeline] [2282.2s]  info   videos 3975/5199  (3/s, ~7:48 left)
[pipeline] [2294.6s]  info   videos 4000/5199  (3/s, ~7:39 left)
[pipeline] [2302.0s]  info   videos 4025/5199  (3/s, ~7:29 left)
[pipeline] [2311.1s]  info   videos 4050/5199  (3/s, ~7:19 left)
[pipeline] [2318.1s]  info   videos 4075/5199  (3/s, ~7:09 left)
[pipeline] [2327.5s]  info   videos 4100/5199  (3/s, ~6:59 left)
[pipeline] [2338.4s]  info   videos 4125/5199  (3/s, ~6:50 left)
[pipeline] [2350.2s]  info   videos 4150/5199  (3/s, ~6:41 left)
[pipeline] [2360.9s]  info   videos 4175/5199  (3/s, ~6:32 left)
[pipeline] [2371.2s]  info   videos 4200/5199  (3/s, ~6:23 left)
[pipeline] [2385.2s]  info   videos 4225/5199  (3/s, ~6:14 left)
[pipeline] [2414.8s]  info   videos 4250/5199  (3/s, ~6:09 left)
[pipeline] [2424.2s]  info   videos 4275/5199  (3/s, ~5:59 left)
[pipeline] [2435.0s]  info   videos 4300/5199  (3/s, ~5:50 left)
[pipeline] [2442.8s]  info   videos 4325/5199  (3/s, ~5:39 left)
[pipeline] [2453.8s]  info   videos 4350/5199  (3/s, ~5:30 left)
[pipeline] [2463.3s]  info   videos 4375/5199  (3/s, ~5:20 left)
[pipeline] [2469.4s]  info   videos 4400/5199  (3/s, ~5:10 left)
[pipeline] [2478.6s]  info   videos 4425/5199  (3/s, ~5:00 left)
[pipeline] [2485.4s]  info   videos 4450/5199  (3/s, ~4:50 left)
[pipeline] [2494.1s]  info   videos 4475/5199  (3/s, ~4:40 left)
[pipeline] [2501.2s]  info   videos 4500/5199  (3/s, ~4:30 left)
[pipeline] [2507.8s]  info   videos 4525/5199  (3/s, ~4:20 left)
[pipeline] [2514.1s]  info   videos 4550/5199  (3/s, ~4:10 left)
[pipeline] [2521.2s]  info   videos 4575/5199  (3/s, ~4:00 left)
[pipeline] [2530.9s]  info   videos 4600/5199  (3/s, ~3:50 left)
[pipeline] [2540.9s]  info   videos 4625/5199  (3/s, ~3:41 left)
[pipeline] [2548.2s]  info   videos 4650/5199  (3/s, ~3:31 left)
[pipeline] [2556.8s]  info   videos 4675/5199  (3/s, ~3:21 left)
[pipeline] [2564.9s]  info   videos 4700/5199  (3/s, ~3:11 left)
[pipeline] [2585.0s]  info   videos 4725/5199  (3/s, ~3:03 left)
[pipeline] [2603.9s]  info   videos 4750/5199  (3/s, ~2:54 left)
[pipeline] [2618.7s]  info   videos 4775/5199  (3/s, ~2:45 left)
[pipeline] [2628.8s]  info   videos 4800/5199  (3/s, ~2:35 left)
[pipeline] [2635.9s]  info   videos 4825/5199  (3/s, ~2:25 left)
[pipeline] [2644.0s]  info   videos 4850/5199  (3/s, ~2:15 left)
[pipeline] [2653.2s]  info   videos 4875/5199  (3/s, ~2:06 left)
[pipeline] [2659.8s]  info   videos 4900/5199  (3/s, ~1:56 left)
[pipeline] [2664.5s]  info   videos 4925/5199  (3/s, ~1:46 left)
[pipeline] [2672.1s]  info   videos 4950/5199  (3/s, ~1:36 left)
[pipeline] [2677.6s]  info   videos 4975/5199  (3/s, ~1:26 left)
[pipeline] [2687.2s]  info   videos 5000/5199  (3/s, ~1:17 left)
[pipeline] [2717.1s]  info   videos 5025/5199  (3/s, ~1:08 left)
[pipeline] [2738.9s]  info   videos 5050/5199  (3/s, ~0:58 left)
[pipeline] [2765.1s]  info   videos 5075/5199  (3/s, ~0:49 left)
[pipeline] [2783.7s]  info   videos 5100/5199  (3/s, ~0:39 left)
[pipeline] [2790.3s]  info   videos 5125/5199  (3/s, ~0:29 left)
[pipeline] [2800.6s]  info   videos 5150/5199  (3/s, ~0:19 left)
[pipeline] [2808.2s]  info   videos 5175/5199  (3/s, ~0:09 left)
[pipeline] [2847.2s]  info   videos 5199/5199  (2/s, ~0:00 left)
[pipeline] [2847.2s]  info analysis: 12964 usable, 428 rejected
[pipeline] [2847.2s]  info   rejected 237x blur
[pipeline] [2847.2s]  info   rejected 132x no usable shots
[pipeline] [2847.2s]  info   rejected 29x overexposed
[pipeline] [2847.2s]  info   rejected 17x too short to analyse
[pipeline] [2847.2s]  info   rejected 13x underexposed
[pipeline] [2847.2s]  info 
[pipeline] [2847.2s]  info [3/7] mapping the trip
[pipeline] [2847.3s]  info resolving place names for 338 stops
[pipeline] [2847.3s]  info   places 5/338
[pipeline] [2847.3s]  info   places 10/338
[pipeline] [2847.3s]  info   places 15/338
[pipeline] [2849.1s]  info   places 20/338
[pipeline] [2854.7s]  info   places 25/338
[pipeline] [2860.4s]  info   places 30/338
[pipeline] [2866.8s]  info   places 35/338
[pipeline] [2870.8s]  info   places 40/338
[pipeline] [2872.5s]  info   places 45/338
[pipeline] [2879.8s]  info   places 50/338
[pipeline] [2881.6s]  info   places 55/338
[pipeline] [2881.6s]  info   places 60/338
[pipeline] [2881.6s]  info   places 65/338
[pipeline] [2889.9s]  info   places 70/338
[pipeline] [2892.1s]  info   places 75/338
[pipeline] [2896.5s]  info   places 80/338
[pipeline] [2902.3s]  info   places 85/338
[pipeline] [2908.6s]  info   places 90/338
[pipeline] [2916.7s]  info   places 95/338
[pipeline] [2925.0s]  info   places 100/338
[pipeline] [2926.7s]  info   places 105/338
[pipeline] [2930.6s]  info   places 110/338
[pipeline] [2938.8s]  info   places 115/338
[pipeline] [2948.0s]  info   places 120/338
[pipeline] [2951.6s]  info   places 125/338
[pipeline] [2955.3s]  info   places 130/338
[pipeline] [2960.8s]  info   places 135/338
[pipeline] [2967.1s]  info   places 140/338
[pipeline] [2974.9s]  info   places 145/338
[pipeline] [2980.5s]  info   places 150/338
[pipeline] [2986.2s]  info   places 155/338
[pipeline] [2992.8s]  info   places 160/338
[pipeline] [2996.3s]  info   places 165/338
[pipeline] [3002.0s]  info   places 170/338
[pipeline] [3002.0s]  info   places 175/338
[pipeline] [3002.0s]  info   places 180/338
[pipeline] [3006.1s]  info   places 185/338
[pipeline] [3013.4s]  info   places 190/338
[pipeline] [3017.5s]  info   places 195/338
[pipeline] [3019.2s]  info   places 200/338
[pipeline] [3027.2s]  info   places 205/338
[pipeline] [3033.2s]  info   places 210/338
[pipeline] [3036.7s]  info   places 215/338
[pipeline] [3040.1s]  info   places 220/338
[pipeline] [3043.8s]  info   places 225/338
[pipeline] [3051.4s]  info   places 230/338
[pipeline] [3057.2s]  info   places 235/338
[pipeline] [3059.1s]  info   places 240/338
[pipeline] [3063.5s]  info   places 245/338
[pipeline] [3063.5s]  info   places 250/338
[pipeline] [3067.1s]  info   places 255/338
[pipeline] [3073.0s]  info   places 260/338
[pipeline] [3076.5s]  info   places 265/338
[pipeline] [3078.2s]  info   places 270/338
[pipeline] [3080.0s]  info   places 275/338
[pipeline] [3087.9s]  info   places 280/338
[pipeline] [3087.9s]  info   places 285/338
[pipeline] [3091.3s]  info   places 290/338
[pipeline] [3091.3s]  info   places 295/338
[pipeline] [3091.3s]  info   places 300/338
[pipeline] [3091.3s]  info   places 305/338
[pipeline] [3099.0s]  info   places 310/338
[pipeline] [3103.1s]  info   places 315/338
[pipeline] [3110.4s]  info   places 320/338
[pipeline] [3110.4s]  info   places 325/338
[pipeline] [3112.7s]  info   places 330/338
[pipeline] [3112.7s]  info   places 335/338
[pipeline] [3112.7s]  info resolved 338/338 place names
[pipeline] [3112.9s]  info trip context: 20 days, 338 located stops, 22 chapters over 1137h02m
[pipeline] [3112.9s]  info 
[pipeline] [3112.9s]  info [4/7] preparing music
[pipeline] [3174.2s]  info generated 'uplifting' score at 120 BPM (301 bars, 602.0s) -> score_uplifting_93198.wav
[pipeline] [3174.2s]  info 
[pipeline] [3174.2s]  info [5/7] choosing shots and building the cut
[pipeline] [3174.2s]  info diversity: skipped 7921 items from over-full minutes
[pipeline] [3175.1s]  info dedupe: removed 1248 near-duplicate items
[pipeline] [3175.1s]  info diversity: skipped 5113 items from over-full minutes
[pipeline] [3177.0s]  info dedupe: removed 2534 near-duplicate items
[pipeline] [3177.0s]  info diversity: skipped 2578 items from over-full minutes
[pipeline] [3180.0s]  info dedupe: removed 3885 near-duplicate items
[pipeline] [3180.1s]  info diversity: skipped 1085 items from over-full minutes
[pipeline] [3183.9s]  info dedupe: removed 4754 near-duplicate items
[pipeline] [3183.9s]  info selecting 202 items (61 clips, 141 photos) for 545s of screen time
[pipeline] [3183.9s]  info timeline: 223 entries, 600.0s (target 600.0s)
[pipeline] [3183.9s]  info 
[pipeline] [3183.9s]  info [6/7] rendering
[pipeline] [3183.9s]  info rendering 223 segments -> 10:00 @ 1920x1080
[pipeline] [3183.9s]  info preparing still frames and title cards
[pipeline] [3331.0s]  info   segments 5/223
[pipeline] [3332.0s]  info   segments 10/223
[pipeline] [3334.1s]  info   segments 15/223
[pipeline] [3336.2s]  info   segments 20/223
[pipeline] [3336.7s]  info   segments 25/223
[pipeline] [3339.0s]  info   segments 30/223
[pipeline] [3340.5s]  info   segments 35/223
[pipeline] [3343.2s]  info   segments 40/223
[pipeline] [3344.9s]  info   segments 45/223
[pipeline] [3346.3s]  info   segments 50/223
[pipeline] [3347.4s]  info   segments 55/223
[pipeline] [3349.4s]  info   segments 60/223
[pipeline] [3351.5s]  info   segments 65/223
[pipeline] [3353.1s]  info   segments 70/223
[pipeline] [3354.2s]  info   segments 75/223
[pipeline] [3355.8s]  info   segments 80/223
[pipeline] [3357.7s]  info   segments 85/223
[pipeline] [3359.7s]  info   segments 90/223
[pipeline] [3363.5s]  info   segments 95/223
[pipeline] [3366.2s]  info   segments 100/223
[pipeline] [3367.9s]  info   segments 105/223
[pipeline] [3371.6s]  info   segments 110/223
[pipeline] [3373.4s]  info   segments 115/223
[pipeline] [3376.3s]  info   segments 120/223
[pipeline] [3379.1s]  info   segments 125/223
[pipeline] [3379.7s]  info   segments 130/223
[pipeline] [3382.1s]  info   segments 135/223
[pipeline] [3383.8s]  info   segments 140/223
[pipeline] [3388.3s]  info   segments 145/223
[pipeline] [3391.2s]  info   segments 150/223
[pipeline] [3392.1s]  info   segments 155/223
[pipeline] [3395.5s]  info   segments 160/223
[pipeline] [3397.6s]  info   segments 165/223
[pipeline] [3399.7s]  info   segments 170/223
[pipeline] [3401.2s]  info   segments 175/223
[pipeline] [3403.3s]  info   segments 180/223
[pipeline] [3405.5s]  info   segments 185/223
[pipeline] [3408.9s]  info   segments 190/223
[pipeline] [3411.0s]  info   segments 195/223
[pipeline] [3414.0s]  info   segments 200/223
[pipeline] [3415.1s]  info   segments 205/223
[pipeline] [3417.4s]  info   segments 210/223
[pipeline] [3419.0s]  info   segments 215/223
[pipeline] [3419.9s]  info   segments 220/223
[pipeline] [3423.1s]  info   segments 223/223
[pipeline] [3428.4s]  info extracting and normalising audio
[pipeline] [3432.5s]  info mixing music under native audio
[pipeline] [3437.9s]  info muxing final file
[pipeline] [3450.5s]  info 
[pipeline] [3450.5s]  info [7/7] writing the report
[pipeline] [3451.8s]  info report: europe_trip.md
[pipeline] [3451.8s]  info edl:    europe_trip.edl.json
[pipeline] [3451.8s]  info 
[pipeline] [3451.8s]  info ==================================================================
[pipeline] [3451.8s]  info done in 3452s
[pipeline] [3451.8s]  info   video:  /Users/brianyang/Desktop/video/out/europe_trip.mp4  (10:00, 1920x1080)
[pipeline] [3451.8s]  info   report: /Users/brianyang/Desktop/video/out/europe_trip.md
[pipeline] [3451.8s]  info ==================================================================


